aaaasdasdasa
